PASS versioned_native_lctl_43
PASS isa_41_sync
PASS service_abi_22_sync
PASS trap_abi_contract
PASS native_semantic_columns
PASS no_hidden_carrier
PASS reject_legacy_source_magic
PASS reject_unknown_opcode
PASS reject_register_bounds
PASS reject_unknown_mode
PASS reject_missing_capability
PASS reject_immediate_overflow
PASS deterministic_compile
PASS independent_current_verify
PASS independent_semantic_rejection
PASS legacy_42_explicit_verify
PASS image_contract
PASS language_spec_contract
PASS optional_opcode_decisions
{"names": ["versioned_native_lctl_43", "isa_41_sync", "service_abi_22_sync", "trap_abi_contract", "native_semantic_columns", "no_hidden_carrier", "reject_legacy_source_magic", "reject_unknown_opcode", "reject_register_bounds", "reject_unknown_mode", "reject_missing_capability", "reject_immediate_overflow", "deterministic_compile", "independent_current_verify", "independent_semantic_rejection", "legacy_42_explicit_verify", "image_contract", "language_spec_contract", "optional_opcode_decisions"], "result": "PASS", "suite": "BR-430-semantic", "tests": 19}
