PASS install_generation1
PASS recover_generation1
PASS install_generation2
PASS latest_authenticated_committed_wins
PASS control_record_v2_signed_binding
PASS power_loss_mutation_stage_1
PASS power_loss_mutation_stage_2
PASS power_loss_mutation_stage_3
PASS power_loss_mutation_stage_4
PASS power_loss_mutation_stage_5
PASS power_loss_mutation_stage_6
PASS power_loss_mutation_stage_7
PASS interruption_before_update_keeps_previous_good
PASS interruption_after_activation_recovers_new
PASS after_first_successful_boot_recovers_new
PASS corrupted_control_rejected
PASS image_control_digest_mismatch_rejected
PASS pending_control_never_bootable
PASS truncated_control_rejected
PASS path_traversal_rejected
PASS multiple_host_process_lock_exclusion
PASS restrictive_file_permissions
PASS storage_erase_status
PASS symlink_temp_rejected
PASS guest_object_write_versioned
PASS guest_object_read_namespace_integrity
PASS guest_object_namespace_isolation
PASS guest_object_tamper_rejected
PASS guest_object_quota_enforced
PASS legacy_guest_object_migrates_to_v1
PASS checkpoint_state_isolated_from_secure_control
{"suite":"BR-450","tests":31,"failures":0,"result":"PASS"}
